../Core/Src/main.c:76:5:main	8	static
../Core/Src/main.c:155:6:SystemClock_Config	88	static
../Core/Src/main.c:202:13:MX_SPI3_Init	8	static
../Core/Src/main.c:240:13:MX_USART2_UART_Init	8	static
../Core/Src/main.c:273:13:MX_GPIO_Init	48	static
../Core/Src/main.c:314:6:SPITxRx_Setup	8	static
../Core/Src/main.c:323:6:SPITxRx_readIO	8	static
../Core/Src/main.c:338:6:setOutputGPIOB	8	static
../Core/Src/main.c:350:6:SPITxRx_writeIO	8	static
../Core/Src/main.c:474:6:HAL_SPI_TxRxCpltCallback	16	static
../Core/Src/main.c:490:6:Error_Handler	4	static,ignoring_inline_asm
